[00:14:54] copying archived picks (stage5_20261007) -> /media/felix/f/quant/akquant-factor-backtest/evidence/v34_lb20_rerun_20261010/picks
[00:14:54] missing sims: 20; running up to 1
[00:14:54]   run V14_0 / sims (end=2025-12-31) ...
[00:16:29]     OK (95s)
[00:16:29] done this call: 1; remaining: 19
[00:16:38] missing sims: 19; running up to 4
[00:16:38]   run V14_2 / sims (end=2025-12-31) ...
[00:18:10]     OK (92s)
[00:18:10]   run V14_4 / sims (end=2025-12-31) ...
[00:19:41]     OK (91s)
[00:19:41]   run V14_6 / sims (end=2025-12-31) ...
[00:21:12]     OK (91s)
[00:21:12]   run V14_8 / sims (end=2025-12-31) ...
[00:22:45]     OK (92s)
[00:22:45] done this call: 4; remaining: 15
[00:22:51] missing sims: 15; running up to 5
[00:22:51]   run V14_10 / sims (end=2025-12-31) ...
[00:24:17]     OK (86s)
[00:24:17]   run V14_12 / sims (end=2025-12-31) ...
[00:25:45]     OK (89s)
[00:25:45]   run V14_14 / sims (end=2025-12-31) ...
[00:27:13]     OK (87s)
[00:27:13]   run V14_16 / sims (end=2025-12-31) ...
[00:28:39]     OK (87s)
[00:28:39]   run V14_18 / sims (end=2025-12-31) ...
[00:30:02] missing sims: 11; running up to 4
[00:30:02]   run V14_18 / sims (end=2025-12-31) ...
[00:31:44]     OK (102s)
[00:31:44]   run V14_0 / sims_2026 (end=2026-08-27) ...
[00:33:24]     OK (100s)
[00:33:24]   run V14_2 / sims_2026 (end=2026-08-27) ...
[00:35:01]     OK (97s)
[00:35:01]   run V14_4 / sims_2026 (end=2026-08-27) ...
[00:36:34]     OK (93s)
[00:36:34] done this call: 4; remaining: 7
[00:36:37] missing sims: 7; running up to 4
[00:36:37]   run V14_6 / sims_2026 (end=2026-08-27) ...
[00:38:13]     OK (96s)
[00:38:13]   run V14_8 / sims_2026 (end=2026-08-27) ...
[00:39:50]     OK (97s)
[00:39:50]   run V14_10 / sims_2026 (end=2026-08-27) ...
[00:41:20]     OK (89s)
[00:41:20]   run V14_12 / sims_2026 (end=2026-08-27) ...
[00:42:53]     OK (94s)
[00:42:53] done this call: 4; remaining: 3
[00:42:57] missing sims: 3; running up to 3
[00:42:57]   run V14_14 / sims_2026 (end=2026-08-27) ...
[00:44:28]     OK (91s)
[00:44:28]   run V14_16 / sims_2026 (end=2026-08-27) ...
[00:45:59]     OK (91s)
[00:45:59]   run V14_18 / sims_2026 (end=2026-08-27) ...
[00:47:46]     OK (107s)
[00:47:46] done this call: 3; remaining: 0
[00:47:46] summary written; full ann_mean=0.7583, oos ann_mean=0.7264
[00:50:53] summary written; full ann_mean=0.7583, oos ann_mean=0.7264
